"PD","SR"
"1",1.196585,9
"2",4.078085,34
"3",3.941252,30
"4",2.892418,21
"5",3.361106,27
"6",3.541027,29
"7",2.659663,20
"8",2.743687,23
"9",2.353312,18
"10",3.917504,33
"11",3.220426,26
"12",3.756499,30
"13",3.571716,27
"14",3.88868,33
"15",3.747367,31
"16",3.5675,29
"17",3.001872,25
"18",2.28425,18
"19",2.961478,25
"20",3.681586,29
"21",4.017772,33
"22",0.517598,5
"23",3.696741,31
"24",1.407561,10
"25",3.646768,32
"26",2.344473,19
"27",2.62858,19
"28",2.966529,26
"29",1.992085,16
"30",3.79301,32
"31",4.128702,36
"32",4.020978,35
"33",1.86571,14
"34",3.825541,31
"35",3.285338,27
"36",3.690196,32
"37",3.916363,34
"38",2.952918,23
"39",1.949074,15
"40",2.766694,19
"41",3.447337,29
"42",3.246895,27
"43",2.130114,16
"44",3.885975,33
"45",2.754186,21
"46",6.919607,68
"47",2.256197,16
"48",6.362251,65
"49",6.562382,70
"50",7.118004,75
"51",4.055472,33
"52",7.097105,73
"53",6.99976,76
"54",3.519869,26
